// Jest Snapshot v1, https://goo.gl/fbAQLP

exports[`<ListCard /> should match snapshot 1`] = `
<div>
  <h3>
    1
    .
     
    <a
      class="sc-bdVaJa dnpXWZ"
      href="https://google.com"
      target="_blank"
    >
      This is a title
    </a>
     
    (google.com)
  </h3>
  <p>
    $
    100
     points
     by 
    ben
     |
     
    <a
      href="/item/123"
    >
      discuss
    </a>
  </p>
</div>
`;
